[dotenv@17.3.1] injecting env (7) from .env -- tip: ⚙️  enable debug logging with { debug: true }
--- ShieldNet Multi-AI Test ---
MongoDB Connected

Environment Check:
GEMINI: true
OPENAI: true
HF: true

Starting Analysis...
[AnalysisService] Starting multi-AI analysis for: "URGENT: New study shows that wearing blue shoes in..."
Defaulting to 'auto' which will select the first provider available for the model, sorted by the user's order in https://hf.co/settings/inference-providers.
Gemini REST API Error: Error: You exceeded your current quota, please check your plan and billing details. For more information on this error, head to: https://ai.google.dev/gemini-api/docs/rate-limits. To monitor your current usage, head to: https://ai.dev/rate-limit. 
* Quota exceeded for metric: generativelanguage.googleapis.com/generate_content_free_tier_input_token_count, limit: 0, model: gemini-2.0-flash
* Quota exceeded for metric: generativelanguage.googleapis.com/generate_content_free_tier_requests, limit: 0, model: gemini-2.0-flash
* Quota exceeded for metric: generativelanguage.googleapis.com/generate_content_free_tier_requests, limit: 0, model: gemini-2.0-flash
Please retry in 52.242403612s.
    at detectMisinformation (file:///C:/shieldNet-HackWarz2k26/backend/services/aiService.js:35:15)
    at process.processTicksAndRejections (node:internal/process/task_queues:105:5)
    at async Promise.all (index 0)
    at async analyzePost (file:///C:/shieldNet-HackWarz2k26/backend/services/analysisService.js:10:19)
    at async runTest (file:///C:/shieldNet-HackWarz2k26/backend/scripts/test-multi-ai.js:39:24)
Auto selected provider: hf-inference
OpenAI Quota Exceeded (429). Skipping OpenAI score.
[AnalysisService] Analysis complete in 3726ms. Consensus Score: 21%

--- Analysis Results ---
Final Score: 21
Consensus Confidence: Low
Is Flagged: false
Analysis Time: 3726 ms

--- Provider Breakdown ---
Gemini: Score 0%, Confidence: Low
OpenAI: Score 0%, Confidence: Low
HuggingFace: Score 64%, Confidence: Medium

--- Explanation Snapshot ---
[Gemini]: Gemini analysis failed: You exceeded your current quota, please check your plan and billing details. For more information on this error, head to: https://ai.google.dev/gemini-api/docs/rate-limits. To monitor your current usage, head to: https://ai.dev/rate-limit. 
* Quota exceeded for metric: generativelanguage.googleapis.com/generate_content_free_tier_input_token_count, limit: 0, model: gemini-2.0-flash
* Quota exceeded for metric: generativelanguage.googleapis.com/generate_content_fr...

Test Completed Successfully!
